#
# There is insufficient memory for the Java Runtime Environment to continue.
# Native memory allocation (malloc) failed to allocate 1048576 bytes. Error detail: AllocateHeap
# Possible reasons:
#   The system is out of physical RAM or swap space
# Possible solutions:
#   Reduce memory load on the system
#   Increase physical memory or swap space
#   Check if swap backing store is full
#   Decrease Java heap size (-Xmx/-Xms)
#   Decrease number of Java threads
#   Decrease Java thread stack sizes (-Xss)
#   Set larger code cache with -XX:ReservedCodeCacheSize=
# This output file may be truncated or incomplete.
#
#  Out of Memory Error (allocation.cpp:44), pid=22580, tid=13052
#
# JRE version:  (21.0.12.1+1) (build )
# Java VM: OpenJDK 64-Bit Server VM (21.0.12.1+1-LTS, mixed mode, sharing, tiered, compressed class ptrs, parallel gc, windows-amd64)
# No core dump will be written. Minidumps are not enabled by default on client versions of Windows
#

---------------  S U M M A R Y ------------

Command Line: --add-modules=ALL-SYSTEM --add-opens=java.base/java.util=ALL-UNNAMED --add-opens=java.base/java.lang=ALL-UNNAMED --add-opens=java.base/sun.nio.fs=ALL-UNNAMED -Declipse.application=org.eclipse.jdt.ls.core.id1 -Dosgi.bundles.defaultStartLevel=4 -Declipse.product=org.eclipse.jdt.ls.core.product -Djava.import.generatesMetadataFilesAtProjectRoot=false -Dm2e.project.cache.size=50 -DDetectVMInstallationsJob.disabled=true -Dfile.encoding=utf8 -XX:+UseParallelGC -XX:GCTimeRatio=4 -XX:AdaptiveSizePolicyWeight=90 -Dsun.zip.disableMemoryMapping=true -Xmx64G -Xms100m -Xlog:disable -javaagent:c:\Users\pawan\.vscode\extensions\redhat.java-1.56.0-win32-x64\lombok\lombok-1.18.39-4050.jar c:\Users\pawan\.vscode\extensions\redhat.java-1.56.0-win32-x64\server\plugins\org.eclipse.equinox.launcher_1.8.0.v20260804-1928.jar -configuration c:\Users\pawan\AppData\Roaming\Code\User\globalStorage\redhat.java\1.56.0\config_ss_win -data c:\Users\pawan\AppData\Roaming\Code\User\workspaceStorage\1e4e5aec70ca9446973b2f85b3b782ce\redhat.java\ss_ws --pipe=\\.\pipe\lsp-530b080e3ac9d6d29eb9533841aa9c73-sock

Host: 12th Gen Intel(R) Core(TM) i5-12450H, 12 cores, 15G,  Windows 11 , 64 bit Build 26100 (10.0.26100.9549)
Time: Mon Sep 28 18:09:41 2026 India Standard Time elapsed time: 1.771172 seconds (0d 0h 0m 1s)

---------------  T H R E A D  ---------------

Current thread (0x00000229559dc880):  JavaThread "Unknown thread" [_thread_in_vm, id=13052, stack(0x0000004e38c00000,0x0000004e38d00000) (1024K)]

Stack: [0x0000004e38c00000,0x0000004e38d00000]
Native frames: (J=compiled Java code, j=interpreted, Vv=VM code, C=native code)
V  [jvm.dll+0x6d83e9]
V  [jvm.dll+0x8b5736]
V  [jvm.dll+0x8b7cee]
V  [jvm.dll+0x8b83d3]
V  [jvm.dll+0x284596]
V  [jvm.dll+0xc13c7]
V  [jvm.dll+0x70c382]
V  [jvm.dll+0x70d0bc]
V  [jvm.dll+0x6e6f73]
V  [jvm.dll+0x87fd8c]
V  [jvm.dll+0x3c4f4c]
V  [jvm.dll+0x868a4b]
V  [jvm.dll+0x458071]
V  [jvm.dll+0x459c61]
C  [jli.dll+0x52dc]
C  [ucrtbase.dll+0x2cd30]
C  [KERNEL32.DLL+0x2cdf7]
C  [ntdll.dll+0x7ee4c]


---------------  P R O C E S S  ---------------

Threads class SMR info:
_java_thread_list=0x0000022955a09850, length=1, elements={
0x00000229559dc880
}

Java Threads: ( => current thread )
=>0x00000229559dc880 JavaThread "Unknown thread"             [_thread_in_vm, id=13052, stack(0x0000004e38c00000,0x0000004e38d00000) (1024K)]
Total: 1

Other Threads:
  0x000002290d64ca00 WatcherThread "VM Periodic Task Thread"        [id=29660, stack(0x0000004e38e00000,0x0000004e38f00000) (1024K)]
  0x00000229559fbb10 WorkerThread "GC Thread#0"                     [id=3024, stack(0x0000004e38d00000,0x0000004e38e00000) (1024K)]
Total: 2

Threads with active compile tasks:
Total: 0

VM state: not at safepoint (normal execution)

VM Mutex/Monitor currently owned by a thread: None

CDS archive(s) mapped at: [0x000002290e000000-0x000002290eba0000-0x000002290eba0000), size 12189696, SharedBaseAddress: 0x000002290e000000, ArchiveRelocationMode: 1.
Compressed class space mapped at: 0x000002290f000000-0x000002294f000000, reserved size: 1073741824
Narrow klass base: 0x000002290e000000, Narrow klass shift: 0, Narrow klass range: 0x100000000

GC Precious Log:
 CardTable entry size: 512
 CPUs: 12 total, 12 available
 Memory: 16024M
 Large Page Support: Disabled
 NUMA Support: Disabled
 Compressed Oops: Disabled
 Alignments: Space 512K, Generation 512K, Heap 2M
 Heap Min Capacity: 100M
 Heap Initial Capacity: 100M
 Heap Max Capacity: 64G
 Pre-touch: Disabled
 Parallel Workers: 10

Heap:
 PSYoungGen      total 29696K, used 512K [0x0000023412700000, 0x0000023414800000, 0x0000023967c00000)
  eden space 25600K, 2% used [0x0000023412700000,0x0000023412780028,0x0000023414000000)
  from space 4096K, 0% used [0x0000023414400000,0x0000023414400000,0x0000023414800000)
  to   space 4096K, 0% used [0x0000023414000000,0x0000023414000000,0x0000023414400000)
 ParOldGen       total 68608K, used 0K [0x0000022967c00000, 0x000002296bf00000, 0x0000023412700000)
  object space 68608K, 0% used [0x0000022967c00000,0x0000022967c00000,0x000002296bf00000)
 Metaspace       used 0K, committed 0K, reserved 1048576K
  class space    used 0K, committed 0K, reserved 1048576K

Card table byte_map: [0x0000022900000000,0x0000022908010000] _byte_map_base: 0x00000227eb4c2000

Marking Bits: (ParMarkBitMap*) 0x00007ffe3e7444a0
 Begin Bits: [0x0000023967c00000, 0x00000239a7c00000)
 End Bits:   [0x00000239a7c00000, 0x00000239e7c00000)

Polling page: 0x00000229537d0000

Metaspace:

Usage:
  Non-class:      0 bytes used.
      Class:      0 bytes used.
       Both:      0 bytes used.

Virtual space:
  Non-class space:        0 bytes reserved,       0 bytes (  ?%) committed,  0 nodes.
      Class space:        1.00 GB reserved,       0 bytes (  0%) committed,  1 nodes.
             Both:        1.00 GB reserved,       0 bytes (  0%) committed. 

Chunk freelists:
   Non-Class:  0 bytes
       Class:  16.00 MB
        Both:  16.00 MB

MaxMetaspaceSize: unlimited
CompressedClassSpaceSize: 1.00 GB
Initial GC threshold: 21.00 MB
Current GC threshold: 17179869184.00 GB
CDS: on
 - commit_granule_bytes: 65536.
 - commit_granule_words: 8192.
 - virtual_space_node_default_size: 8388608.
 - enlarge_chunks_in_place: 1.
 - use_allocation_guard: 0.


Internal statistics:

num_allocs_failed_limit: 0.
num_arena_births: 0.
num_arena_deaths: 0.
num_vsnodes_births: 1.
num_vsnodes_deaths: 0.
num_space_committed: 0.
num_space_uncommitted: 0.
num_chunks_returned_to_freelist: 0.
num_chunks_taken_from_freelist: 1.
num_chunk_merges: 0.
num_chunk_splits: 1.
num_chunks_enlarged: 0.
num_inconsistent_stats: 0.

CodeHeap 'non-profiled nmethods': size=120000Kb used=0Kb max_used=0Kb free=120000Kb
 bounds [0x00000229606b0000, 0x0000022960920000, 0x0000022967be0000]
CodeHeap 'profiled nmethods': size=120000Kb used=0Kb max_used=0Kb free=120000Kb
 bounds [0x0000022958be0000, 0x0000022958e50000, 0x0000022960110000]
CodeHeap 'non-nmethods': size=5760Kb used=194Kb max_used=342Kb free=5565Kb
 bounds [0x0000022960110000, 0x0000022960380000, 0x00000229606b0000]
CodeCache: size=245760Kb, used=194Kb, max_used=342Kb, free=245565Kb
 total_blobs=70, nmethods=0, adapters=48, full_count=0
Compilation: enabled, stopped_count=0, restarted_count=0

Compilation events (0 events):
No events

GC Heap History (0 events):
No events

Dll operation events (2 events):
Event: 0.043 Attempting to load shared library c:\Users\pawan\.vscode\extensions\redhat.java-1.56.0-win32-x64\jre\21.0.12.1-win32-x86_64\bin\java.dll
Event: 0.043 Loaded shared library c:\Users\pawan\.vscode\extensions\redhat.java-1.56.0-win32-x64\jre\21.0.12.1-win32-x86_64\bin\java.dll

Deoptimization events (0 events):
No events

Classes loaded (0 events):
No events

Classes unloaded (0 events):
No events

Classes redefined (0 events):
No events

Internal exceptions (0 events):
No events

ZGC Phase Switch (0 events):
No events

VM Operations (0 events):
No events

Memory protections (0 events):
No events

Nmethod flushes (0 events):
No events

Events (1 events):
Event: 1.716 Thread 0x00000229559dc880 Thread added: 0x00000229559dc880


Dynamic libraries:
0x00007ff73c760000 - 0x00007ff73c76e000 	c:\Users\pawan\.vscode\extensions\redhat.java-1.56.0-win32-x64\jre\21.0.12.1-win32-x86_64\bin\java.exe
0x00007fff27780000 - 0x00007fff279e7000 	C:\WINDOWS\SYSTEM32\ntdll.dll
0x00007fff26350000 - 0x00007fff2641b000 	C:\WINDOWS\System32\KERNEL32.DLL
0x00007fff24d90000 - 0x00007fff25191000 	C:\WINDOWS\System32\KERNELBASE.dll
0x00007fff24c30000 - 0x00007fff24d7c000 	C:\WINDOWS\System32\ucrtbase.dll
0x00007ffe74d00000 - 0x00007ffe74d1e000 	c:\Users\pawan\.vscode\extensions\redhat.java-1.56.0-win32-x64\jre\21.0.12.1-win32-x86_64\bin\VCRUNTIME140.dll
0x00007ffe80990000 - 0x00007ffe809a8000 	c:\Users\pawan\.vscode\extensions\redhat.java-1.56.0-win32-x64\jre\21.0.12.1-win32-x86_64\bin\jli.dll
0x00007fff257c0000 - 0x00007fff25997000 	C:\WINDOWS\System32\USER32.dll
0x00007fff24ab0000 - 0x00007fff24ad7000 	C:\WINDOWS\System32\win32u.dll
0x00007fff018e0000 - 0x00007fff01b70000 	C:\WINDOWS\WinSxS\amd64_microsoft.windows.common-controls_6595b64144ccf1df_6.0.26100.9549_none_3e0a0396e3330090\COMCTL32.dll
0x00007fff264d0000 - 0x00007fff264fb000 	C:\WINDOWS\System32\GDI32.dll
0x00007fff24980000 - 0x00007fff24aa8000 	C:\WINDOWS\System32\gdi32full.dll
0x00007fff251a0000 - 0x00007fff25243000 	C:\WINDOWS\System32\msvcp_win.dll
0x00007fff254a0000 - 0x00007fff25549000 	C:\WINDOWS\System32\msvcrt.dll
0x00007fff259a0000 - 0x00007fff259d1000 	C:\WINDOWS\System32\IMM32.DLL
0x00007fff1e910000 - 0x00007fff1e91c000 	c:\Users\pawan\.vscode\extensions\redhat.java-1.56.0-win32-x64\jre\21.0.12.1-win32-x86_64\bin\vcruntime140_1.dll
0x00007ffe53450000 - 0x00007ffe534dd000 	c:\Users\pawan\.vscode\extensions\redhat.java-1.56.0-win32-x64\jre\21.0.12.1-win32-x86_64\bin\msvcp140.dll
0x00007ffe3da80000 - 0x00007ffe3e822000 	c:\Users\pawan\.vscode\extensions\redhat.java-1.56.0-win32-x64\jre\21.0.12.1-win32-x86_64\bin\server\jvm.dll
0x00007fff25700000 - 0x00007fff257bb000 	C:\WINDOWS\System32\ADVAPI32.dll
0x00007fff27500000 - 0x00007fff275a8000 	C:\WINDOWS\System32\sechost.dll
0x00007fff25b80000 - 0x00007fff25c98000 	C:\WINDOWS\System32\RPCRT4.dll
0x00007fff26800000 - 0x00007fff26881000 	C:\WINDOWS\System32\WS2_32.dll
0x00007fff24190000 - 0x00007fff241ee000 	C:\WINDOWS\SYSTEM32\POWRPROF.dll
0x00007fff0bcd0000 - 0x00007fff0bd07000 	C:\WINDOWS\SYSTEM32\WINMM.dll
0x00007fff18120000 - 0x00007fff1812b000 	C:\WINDOWS\SYSTEM32\VERSION.dll
0x00007fff24170000 - 0x00007fff24185000 	C:\WINDOWS\SYSTEM32\UMPDC.dll
0x00007fff23620000 - 0x00007fff2363b000 	C:\WINDOWS\SYSTEM32\kernel.appcore.dll
0x00007fff13850000 - 0x00007fff1385a000 	c:\Users\pawan\.vscode\extensions\redhat.java-1.56.0-win32-x64\jre\21.0.12.1-win32-x86_64\bin\jimage.dll
0x00007fff21b90000 - 0x00007fff21ddc000 	C:\WINDOWS\SYSTEM32\DBGHELP.DLL
0x00007fff25da0000 - 0x00007fff2612a000 	C:\WINDOWS\System32\combase.dll
0x00007fff25550000 - 0x00007fff25629000 	C:\WINDOWS\System32\OLEAUT32.dll
0x00007fff01d40000 - 0x00007fff01d7b000 	C:\WINDOWS\SYSTEM32\dbgcore.DLL
0x00007fff253e0000 - 0x00007fff2548c000 	C:\WINDOWS\System32\bcryptPrimitives.dll
0x00007ffee5be0000 - 0x00007ffee5bef000 	c:\Users\pawan\.vscode\extensions\redhat.java-1.56.0-win32-x64\jre\21.0.12.1-win32-x86_64\bin\instrument.dll
0x00007ffe74ce0000 - 0x00007ffe74d00000 	c:\Users\pawan\.vscode\extensions\redhat.java-1.56.0-win32-x64\jre\21.0.12.1-win32-x86_64\bin\java.dll

JVMTI agents:
c:\Users\pawan\.vscode\extensions\redhat.java-1.56.0-win32-x64\lombok\lombok-1.18.39-4050.jar path:none, loaded, not initialized, instrumentlib options:none

dbghelp: loaded successfully - version: 4.0.5 - missing functions: none
symbol engine: initialized successfully - sym options: 0x614 - pdb path: .;c:\Users\pawan\.vscode\extensions\redhat.java-1.56.0-win32-x64\jre\21.0.12.1-win32-x86_64\bin;C:\WINDOWS\SYSTEM32;C:\WINDOWS\WinSxS\amd64_microsoft.windows.common-controls_6595b64144ccf1df_6.0.26100.9549_none_3e0a0396e3330090;c:\Users\pawan\.vscode\extensions\redhat.java-1.56.0-win32-x64\jre\21.0.12.1-win32-x86_64\bin\server

VM Arguments:
jvm_args: --add-modules=ALL-SYSTEM --add-opens=java.base/java.util=ALL-UNNAMED --add-opens=java.base/java.lang=ALL-UNNAMED --add-opens=java.base/sun.nio.fs=ALL-UNNAMED -Declipse.application=org.eclipse.jdt.ls.core.id1 -Dosgi.bundles.defaultStartLevel=4 -Declipse.product=org.eclipse.jdt.ls.core.product -Djava.import.generatesMetadataFilesAtProjectRoot=false -Dm2e.project.cache.size=50 -DDetectVMInstallationsJob.disabled=true -Dfile.encoding=utf8 -XX:+UseParallelGC -XX:GCTimeRatio=4 -XX:AdaptiveSizePolicyWeight=90 -Dsun.zip.disableMemoryMapping=true -Xmx64G -Xms100m -Xlog:disable -javaagent:c:\Users\pawan\.vscode\extensions\redhat.java-1.56.0-win32-x64\lombok\lombok-1.18.39-4050.jar 
java_command: c:\Users\pawan\.vscode\extensions\redhat.java-1.56.0-win32-x64\server\plugins\org.eclipse.equinox.launcher_1.8.0.v20260804-1928.jar -configuration c:\Users\pawan\AppData\Roaming\Code\User\globalStorage\redhat.java\1.56.0\config_ss_win -data c:\Users\pawan\AppData\Roaming\Code\User\workspaceStorage\1e4e5aec70ca9446973b2f85b3b782ce\redhat.java\ss_ws --pipe=\\.\pipe\lsp-530b080e3ac9d6d29eb9533841aa9c73-sock
java_class_path (initial): c:\Users\pawan\.vscode\extensions\redhat.java-1.56.0-win32-x64\server\plugins\org.eclipse.equinox.launcher_1.8.0.v20260804-1928.jar
Launcher Type: SUN_STANDARD

[Global flags]
    uintx AdaptiveSizePolicyWeight                 = 90                                        {product} {command line}
     intx CICompilerCount                          = 4                                         {product} {ergonomic}
    uintx GCTimeRatio                              = 4                                         {product} {command line}
   size_t InitialHeapSize                          = 104857600                                 {product} {command line}
   size_t MaxHeapSize                              = 68719476736                               {product} {command line}
   size_t MaxNewSize                               = 22906142720                               {product} {ergonomic}
   size_t MinHeapDeltaBytes                        = 524288                                    {product} {ergonomic}
   size_t MinHeapSize                              = 104857600                                 {product} {command line}
   size_t NewSize                                  = 34603008                                  {product} {ergonomic}
    uintx NonNMethodCodeHeapSize                   = 5839372                                {pd product} {ergonomic}
    uintx NonProfiledCodeHeapSize                  = 122909434                              {pd product} {ergonomic}
   size_t OldSize                                  = 70254592                                  {product} {ergonomic}
    uintx ProfiledCodeHeapSize                     = 122909434                              {pd product} {ergonomic}
    uintx ReservedCodeCacheSize                    = 251658240                              {pd product} {ergonomic}
     bool SegmentedCodeCache                       = true                                      {product} {ergonomic}
   size_t SoftMaxHeapSize                          = 68719476736                            {manageable} {ergonomic}
     bool UseLargePagesIndividualAllocation        = false                                  {pd product} {ergonomic}
     bool UseParallelGC                            = true                                      {product} {command line}

Logging:
Log output configuration:
 #0: stdout all=off uptime,level,tags foldmultilines=false
 #1: stderr all=off uptime,level,tags foldmultilines=false

Release file:
<release file has not been read>
Environment Variables:
PATH=C:\Program Files\Common Files\Oracle\Java\javapath;C:\windows\system32;C:\windows;C:\windows\System32\Wbem;C:\windows\System32\WindowsPowerShell\v1.0\;C:\windows\System32\OpenSSH\;C:\Program Files (x86)\NVIDIA Corporation\PhysX\Common;C:\Program Files\NVIDIA Corporation\NVIDIA NvDLISR;C:\Users\Administrator\AppData\Local\Microsoft\WindowsApps;C:\Program Files\HP\OMEN-Broadcast\Common;C:\WINDOWS\system32;C:\WINDOWS;C:\WINDOWS\System32\Wbem;C:\WINDOWS\System32\WindowsPowerShell\v1.0\;C:\WINDOWS\System32\OpenSSH\;C:\Program Files\Git\cmd;C:\MinGW\bin;C:\Program Files\nodejs\;C:\Program Files\Java\jdk-24\bin;C:\Users\pawan\AppData\Local\Programs\Python\Python313\Scripts\;C:\Users\pawan\AppData\Local\Programs\Python\Python313\;C:\Users\pawan\AppData\Local\Microsoft\WindowsApps;C:\Users\pawan\AppData\Local\Programs\Microsoft VS Code\bin;C:\Users\pawan\AppData\Local\GitHubDesktop\bin;C:\Users\pawan\AppData\Roaming\npm;C:\Users\pawan\AppData\Local\Programs\mongosh\;C:\Users\pawan\AppData\Local\Kingsoft\WPS Office\12.1.0.27458\clitool
USERNAME=pawan
OS=Windows_NT
PROCESSOR_IDENTIFIER=Intel64 Family 6 Model 154 Stepping 3, GenuineIntel
TMP=C:\Users\pawan\AppData\Local\Temp
TEMP=C:\Users\pawan\AppData\Local\Temp




Periodic native trim disabled

---------------  S Y S T E M  ---------------

OS:
 Windows 11 , 64 bit Build 26100 (10.0.26100.9549)
OS uptime: 0 days 7:22 hours
Hyper-V role detected

CPU: total 12 (initial active 12) (6 cores per cpu, 2 threads per core) family 6 model 154 stepping 3 microcode 0x434, cx8, cmov, fxsr, ht, mmx, 3dnowpref, sse, sse2, sse3, ssse3, sse4.1, sse4.2, popcnt, lzcnt, tsc, tscinvbit, avx, avx2, aes, erms, clmul, bmi1, bmi2, adx, sha, fma, vzeroupper, clflush, clflushopt, clwb, hv, serialize, rdtscp, rdpid, fsrm, f16c, cet_ibt, cet_ss
Processor Information for processor 0
  Max Mhz: 2000, Current Mhz: 2000, Mhz Limit: 2000
Processor Information for processor 1
  Max Mhz: 2000, Current Mhz: 2000, Mhz Limit: 2000
Processor Information for processor 2
  Max Mhz: 2000, Current Mhz: 2000, Mhz Limit: 2000
Processor Information for processor 3
  Max Mhz: 2000, Current Mhz: 2000, Mhz Limit: 2000
Processor Information for processor 4
  Max Mhz: 2000, Current Mhz: 2000, Mhz Limit: 2000
Processor Information for processor 5
  Max Mhz: 2000, Current Mhz: 2000, Mhz Limit: 2000
Processor Information for processor 6
  Max Mhz: 2000, Current Mhz: 2000, Mhz Limit: 2000
Processor Information for processor 7
  Max Mhz: 2000, Current Mhz: 2000, Mhz Limit: 2000
Processor Information for processor 8
  Max Mhz: 2000, Current Mhz: 1466, Mhz Limit: 2000
Processor Information for processor 9
  Max Mhz: 2000, Current Mhz: 2000, Mhz Limit: 2000
Processor Information for processor 10
  Max Mhz: 2000, Current Mhz: 1466, Mhz Limit: 2000
Processor Information for processor 11
  Max Mhz: 2000, Current Mhz: 1466, Mhz Limit: 2000

Memory: 4k page, system-wide physical 16024M (204M free)
TotalPageFile size 65176M (AvailPageFile size 1M)
current process WorkingSet (physical memory assigned to process): 26M, peak: 26M
current process commit charge ("private bytes"): 2312M, peak: 2313M

vm_info: OpenJDK 64-Bit Server VM (21.0.12.1+1-LTS) for windows-amd64 JRE (21.0.12.1+1-LTS), built on 2026-08-18T00:00:00Z by "admin" with MS VC++ 17.12 (VS2022)

END.
